
> qalin-sara-inventory@0.1.0 build
> next build

node.exe :  ΓÜá Warning: Next.js inferred your workspace root, but it may not be correct.
At C:\Program Files\nodejs\npm.ps1:29 char:3
+   & $NODE_EXE $NPM_CLI_JS $args
+   ~~~~~~~~~~~~~~~~~~~~~~~~~~~~~
    + CategoryInfo          : NotSpecified: ( ΓÜá Warning: N...not be correct.:String) [], RemoteException
    + FullyQualifiedErrorId : NativeCommandError
 
 We detected multiple lockfiles and selected the directory of C:\Users\abdul\package-lock.json as the root directory.
 To silence this warning, set `outputFileTracingRoot` in your Next.js config, or consider removing one of the 
lockfiles if it's not needed.
   See https://nextjs.org/docs/app/api-reference/config/next-config-js/output#caveats for more information.
 Detected additional lockfiles: 
   * C:\Users\abdul\Desktop\Qalin-Sara-Inventory-cursor-beautiful-design\package-lock.json

   Γû▓ Next.js 15.5.4
   - Environments: .env.local

   Creating an optimized production build ...
 Γ£ô Compiled successfully in 4.5s
   Linting and checking validity of types ...

./src/app/(auth)/login/page.tsx
20:9  Warning: 'router' is assigned a value but never used.  @typescript-eslint/no-unused-vars
48:14  Warning: 'error' is defined but never used.  @typescript-eslint/no-unused-vars

./src/app/(auth)/register/page.tsx
55:14  Warning: 'error' is defined but never used.  @typescript-eslint/no-unused-vars

./src/app/(dashboard)/analytics/page.tsx
11:3  Warning: 'TrendingDown' is defined but never used.  @typescript-eslint/no-unused-vars
15:3  Warning: 'Users' is defined but never used.  @typescript-eslint/no-unused-vars
73:9  Warning: 'totalValue' is assigned a value but never used.  @typescript-eslint/no-unused-vars
131:6  Warning: React Hook useEffect has a missing dependency: 'fetchProducts'. Either include it or remove the dependency array.  react-hooks/exhaustive-deps
137:6  Warning: React Hook useEffect has a missing dependency: 'calculateAnalytics'. Either include it or remove the dependency array.  react-hooks/exhaustive-deps

./src/app/(dashboard)/expenses/page.tsx
10:3  Warning: 'TrendingUp' is defined but never used.  @typescript-eslint/no-unused-vars
34:6  Warning: React Hook useEffect has missing dependencies: 'fetchCategories' and 'fetchExpenses'. Either include them or remove the dependency array.  react-hooks/exhaustive-deps
38:15  Warning: 'data' is assigned a value but never used.  @typescript-eslint/no-unused-vars
94:9  Warning: 'confirmedAmount' is assigned a value but never used.  @typescript-eslint/no-unused-vars

./src/app/(dashboard)/invoices/page.tsx
5:29  Warning: 'CardDescription' is defined but never used.  @typescript-eslint/no-unused-vars
5:46  Warning: 'CardHeader' is defined but never used.  @typescript-eslint/no-unused-vars
5:58  Warning: 'CardTitle' is defined but never used.  @typescript-eslint/no-unused-vars
63:6  Warning: React Hook useEffect has a missing dependency: 'fetchInvoices'. Either include it or remove the dependency array.  react-hooks/exhaustive-deps
68:9  Warning: 'paidInvoices' is assigned a value but never used.  @typescript-eslint/no-unused-vars

./src/app/(dashboard)/orders/page.tsx
8:29  Warning: 'CardHeader' is defined but never used.  @typescript-eslint/no-unused-vars
8:41  Warning: 'CardTitle' is defined but never used.  @typescript-eslint/no-unused-vars
20:3  Warning: 'Calendar' is defined but never used.  @typescript-eslint/no-unused-vars
158:10  Warning: 'products' is assigned a value but never used.  @typescript-eslint/no-unused-vars
224:6  Warning: React Hook useEffect has missing dependencies: 'fetchOrders' and 'fetchProducts'. Either include them or remove the dependency array.  react-hooks/exhaustive-deps
346:9  Warning: 'getStatusColor' is assigned a value but never used.  @typescript-eslint/no-unused-vars

./src/app/(dashboard)/products/page-backup.tsx
38:6  Warning: React Hook useEffect has a missing dependency: 'fetchProducts'. Either include it or remove the dependency array.  react-hooks/exhaustive-deps

./src/app/(dashboard)/products/page.tsx
45:9  Warning: 'fetchProducts' is assigned a value but never used.  @typescript-eslint/no-unused-vars
92:6  Warning: React Hook useEffect has a missing dependency: 'fetchDashboardData'. Either include it or remove the dependency array.  react-hooks/exhaustive-deps

./src/app/(dashboard)/users/page.tsx
17:3  Warning: 'MoreVertical' is defined but never used.  @typescript-eslint/no-unused-vars
18:3  Warning: 'Edit' is defined but never used.  @typescript-eslint/no-unused-vars
80:6  Warning: React Hook useEffect has a missing dependency: 'fetchUsers'. Either include it or remove the dependency array.  react-hooks/exhaustive-deps
123:14  Warning: 'error' is defined but never used.  @typescript-eslint/no-unused-vars
158:14  Warning: 'error' is defined but never used.  @typescript-eslint/no-unused-vars
178:14  Warning: 'error' is defined but never used.  @typescript-eslint/no-unused-vars

./src/components/dashboard/metrics-overview.tsx
4:22  Warning: 'Users' is defined but never used.  @typescript-eslint/no-unused-vars
4:59  Warning: 'Receipt' is defined but never used.  @typescript-eslint/no-unused-vars
14:62  Warning: 'totalInvoices' is assigned a value but never used.  @typescript-eslint/no-unused-vars
14:81  Warning: 'totalExpenses' is assigned a value but never used.  @typescript-eslint/no-unused-vars
20:9  Warning: 'totalPurchaseValue' is assigned a value but never used.  @typescript-eslint/no-unused-vars

./src/components/expenses/expense-form.tsx
13:27  Warning: 'Calendar' is defined but never used.  @typescript-eslint/no-unused-vars
13:37  Warning: 'DollarSign' is defined but never used.  @typescript-eslint/no-unused-vars
13:49  Warning: 'Tag' is defined but never used.  @typescript-eslint/no-unused-vars
78:6  Warning: React Hook useEffect has a missing dependency: 'fetchCategories'. Either include it or remove the dependency array.  react-hooks/exhaustive-deps
130:15  Warning: 'data' is assigned a value but never used.  @typescript-eslint/no-unused-vars
194:21  Warning: Unexpected any. Specify a different type.  @typescript-eslint/no-explicit-any
296:100  Warning: Unexpected any. Specify a different type.  @typescript-eslint/no-explicit-any
323:92  Warning: Unexpected any. Specify a different type.  @typescript-eslint/no-explicit-any
357:19  Warning: Using `<img>` could result in slower LCP and higher bandwidth. Consider using `<Image />` from `next/image` or a custom image loader to automatically optimize images. This may incur additional usage or cost from your provider. See: https://nextjs.org/docs/messages/no-img-element  @next/next/no-img-element

./src/components/expenses/expense-table.tsx
15:3  Warning: 'Filter' is defined but never used.  @typescript-eslint/no-unused-vars
17:3  Warning: 'DollarSign' is defined but never used.  @typescript-eslint/no-unused-vars
161:9  Warning: 'getStatusColor' is assigned a value but never used.  @typescript-eslint/no-unused-vars
242:59  Warning: Unexpected any. Specify a different type.  @typescript-eslint/no-explicit-any
248:21  Warning: Unexpected any. Specify a different type.  @typescript-eslint/no-explicit-any
267:21  Warning: Unexpected any. Specify a different type.  @typescript-eslint/no-explicit-any
365:62  Warning: Unexpected any. Specify a different type.  @typescript-eslint/no-explicit-any

./src/components/invoices/invoice-form.tsx
97:6  Warning: React Hook useEffect has missing dependencies: 'fetchInvoiceItems', 'fetchOrders', and 'fetchProducts'. Either include them or remove the dependency array.  react-hooks/exhaustive-deps
179:86  Warning: Unexpected any. Specify a different type.  @typescript-eslint/no-explicit-any
509:92  Warning: Unexpected any. Specify a different type.  @typescript-eslint/no-explicit-any

./src/components/invoices/invoice-table.tsx
148:9  Warning: 'getStatusColor' is assigned a value but never used.  @typescript-eslint/no-unused-vars
191:59  Warning: Unexpected any. Specify a different type.  @typescript-eslint/no-explicit-any
197:21  Warning: Unexpected any. Specify a different type.  @typescript-eslint/no-explicit-any
249:17  Warning: Unexpected any. Specify a different type.  @typescript-eslint/no-explicit-any
249:30  Warning: Unexpected any. Specify a different type.  @typescript-eslint/no-explicit-any

./src/components/invoices/invoice-view.tsx
12:20  Warning: 'X' is defined but never used.  @typescript-eslint/no-unused-vars
22:46  Warning: Unexpected any. Specify a different type.  @typescript-eslint/no-explicit-any
34:6  Warning: React Hook useEffect has a missing dependency: 'fetchOrderData'. Either include it or remove the dependency array.  react-hooks/exhaustive-deps
96:37  Warning: Unexpected any. Specify a different type.  @typescript-eslint/no-explicit-any
97:21  Warning: Unexpected any. Specify a different type.  @typescript-eslint/no-explicit-any

./src/components/layout/header.tsx
75:50  Warning: Unexpected any. Specify a different type.  @typescript-eslint/no-explicit-any
82:9  Warning: 'handleSettingsClick' is assigned a value but never used.  @typescript-eslint/no-unused-vars

./src/components/layout/sidebar.tsx
47:9  Warning: 'router' is assigned a value but never used.  @typescript-eslint/no-unused-vars

./src/components/layout/user-menu.tsx
6:10  Warning: 'Button' is defined but never used.  @typescript-eslint/no-unused-vars
7:39  Warning: 'UserIcon' is defined but never used.  @typescript-eslint/no-unused-vars
19:61  Warning: 'isAdmin' is assigned a value but never used.  @typescript-eslint/no-unused-vars

./src/components/orders/order-form.tsx
10:10  Warning: 'Badge' is defined but never used.  @typescript-eslint/no-unused-vars
19:3  Warning: 'Mail' is defined but never used.  @typescript-eslint/no-unused-vars
20:3  Warning: 'Phone' is defined but never used.  @typescript-eslint/no-unused-vars
21:3  Warning: 'MapPin' is defined but never used.  @typescript-eslint/no-unused-vars
27:49  Warning: 'OrderInsert' is defined but never used.  @typescript-eslint/no-unused-vars
27:62  Warning: 'OrderItemInsert' is defined but never used.  @typescript-eslint/no-unused-vars
102:6  Warning: React Hook useEffect has missing dependencies: 'fetchProducts' and 'resetForm'. Either include them or remove the dependency array.  react-hooks/exhaustive-deps
412:75  Warning: Unexpected any. Specify a different type.  @typescript-eslint/no-explicit-any
563:39  Warning: 'e' is defined but never used.  @typescript-eslint/no-unused-vars

./src/components/orders/order-view.tsx
17:3  Warning: 'DollarSign' is defined but never used.  @typescript-eslint/no-unused-vars

./src/components/products/image-preview.tsx
79:13  Warning: Using `<img>` could result in slower LCP and higher bandwidth. Consider using `<Image />` from `next/image` or a custom image loader to automatically optimize images. This may incur additional usage or cost from your provider. See: https://nextjs.org/docs/messages/no-img-element  @next/next/no-img-element

./src/components/products/product-form-wizard.tsx
14:10  Warning: 'productFormSchema' is defined but never used.  @typescript-eslint/no-unused-vars
24:13  Warning: Unexpected any. Specify a different type.  @typescript-eslint/no-explicit-any
48:40  Warning: Unexpected any. Specify a different type.  @typescript-eslint/no-explicit-any
58:15  Warning: Unexpected any. Specify a different type.  @typescript-eslint/no-explicit-any
94:45  Warning: Unexpected any. Specify a different type.  @typescript-eslint/no-explicit-any
121:6  Warning: React Hook useEffect has a missing dependency: 'form'. Either include it or remove the dependency array.  react-hooks/exhaustive-deps
401:21  Warning: Unexpected any. Specify a different type.  @typescript-eslint/no-explicit-any
506:15  Warning: Using `<img>` could result in slower LCP and higher bandwidth. Consider using `<Image />` from `next/image` or a custom image loader to automatically optimize images. This may incur additional usage or cost from your provider. See: https://nextjs.org/docs/messages/no-img-element  @next/next/no-img-element
557:34  Warning: 'index' is defined but never used.  @typescript-eslint/no-unused-vars

./src/components/products/product-form.tsx
22:13  Warning: Unexpected any. Specify a different type.  @typescript-eslint/no-explicit-any
36:49  Warning: Unexpected any. Specify a different type.  @typescript-eslint/no-explicit-any
189:21  Warning: Unexpected any. Specify a different type.  @typescript-eslint/no-explicit-any
232:21  Warning: Using `<img>` could result in slower LCP and higher bandwidth. Consider using `<Image />` from `next/image` or a custom image loader to automatically optimize images. This may incur additional usage or cost from your provider. See: https://nextjs.org/docs/messages/no-img-element  @next/next/no-img-element

./src/components/products/product-table.tsx
7:10  Warning: 'Badge' is defined but never used.  @typescript-eslint/no-unused-vars
14:37  Warning: 'Package' is defined but never used.  @typescript-eslint/no-unused-vars
57:19  Warning: Unexpected any. Specify a different type.  @typescript-eslint/no-explicit-any
57:32  Warning: Unexpected any. Specify a different type.  @typescript-eslint/no-explicit-any
122:21  Warning: Unexpected any. Specify a different type.  @typescript-eslint/no-explicit-any
231:25  Warning: Using `<img>` could result in slower LCP and higher bandwidth. Consider using `<Image />` from `next/image` or a custom image loader to automatically optimize images. This may incur additional usage or cost from your provider. See: https://nextjs.org/docs/messages/no-img-element  @next/next/no-img-element

./src/components/settings/settings-form.tsx
25:3  Warning: 'Mail' is defined but never used.  @typescript-eslint/no-unused-vars
26:3  Warning: 'Phone' is defined but never used.  @typescript-eslint/no-unused-vars
27:3  Warning: 'MapPin' is defined but never used.  @typescript-eslint/no-unused-vars
28:3  Warning: 'Globe' is defined but never used.  @typescript-eslint/no-unused-vars
29:3  Warning: 'DollarSign' is defined but never used.  @typescript-eslint/no-unused-vars
30:3  Warning: 'Percent' is defined but never used.  @typescript-eslint/no-unused-vars
31:3  Warning: 'Package' is defined but never used.  @typescript-eslint/no-unused-vars
32:3  Warning: 'AlertTriangle' is defined but never used.  @typescript-eslint/no-unused-vars
36:3  Warning: 'Clock' is defined but never used.  @typescript-eslint/no-unused-vars
37:3  Warning: 'HardDrive' is defined but never used.  @typescript-eslint/no-unused-vars
38:3  Warning: 'Trash2' is defined but never used.  @typescript-eslint/no-unused-vars
186:10  Warning: 'securityLogs' is assigned a value but never used.  @typescript-eslint/no-unused-vars
186:24  Warning: 'setSecurityLogs' is assigned a value but never used.  @typescript-eslint/no-unused-vars
186:52  Warning: Unexpected any. Specify a different type.  @typescript-eslint/no-explicit-any
187:10  Warning: 'activeSessions' is assigned a value but never used.  @typescript-eslint/no-unused-vars
187:26  Warning: 'setActiveSessions' is assigned a value but never used.  @typescript-eslint/no-unused-vars
187:56  Warning: Unexpected any. Specify a different type.  @typescript-eslint/no-explicit-any
188:10  Warning: 'twoFactorSetup' is assigned a value but never used.  @typescript-eslint/no-unused-vars
188:26  Warning: 'setTwoFactorSetup' is assigned a value but never used.  @typescript-eslint/no-unused-vars
189:10  Warning: 'twoFactorSecret' is assigned a value but never used.  @typescript-eslint/no-unused-vars
189:27  Warning: 'setTwoFactorSecret' is assigned a value but never used.  @typescript-eslint/no-unused-vars
190:10  Warning: 'twoFactorQRCode' is assigned a value but never used.  @typescript-eslint/no-unused-vars
190:27  Warning: 'setTwoFactorQRCode' is assigned a value but never used.  @typescript-eslint/no-unused-vars
191:10  Warning: 'twoFactorCode' is assigned a value but never used.  @typescript-eslint/no-unused-vars
191:25  Warning: 'setTwoFactorCode' is assigned a value but never used.  @typescript-eslint/no-unused-vars
219:6  Warning: React Hook useEffect has missing dependencies: 'fetchSystemInfo' and 'loadSettings'. Either include them or remove the dependency array.  react-hooks/exhaustive-deps
225:21  Warning: 'dbTest' is assigned a value but never used.  @typescript-eslint/no-unused-vars
364:21  Warning: Unexpected any. Specify a different type.  @typescript-eslint/no-explicit-any
417:21  Warning: Unexpected any. Specify a different type.  @typescript-eslint/no-explicit-any
538:21  Warning: Unexpected any. Specify a different type.  @typescript-eslint/no-explicit-any
598:21  Warning: Unexpected any. Specify a different type.  @typescript-eslint/no-explicit-any

./src/components/settings/user-profile-form.tsx
57:21  Warning: Unexpected any. Specify a different type.  @typescript-eslint/no-explicit-any

./src/components/ui/textarea.tsx
5:18  Warning: An interface declaring no members is equivalent to its supertype.  @typescript-eslint/no-empty-object-type

info  - Need to disable some ESLint rules? Learn more here: https://nextjs.org/docs/app/api-reference/config/eslint#disabling-rules
Failed to compile.

./src/app/(dashboard)/analytics/page.tsx:259:45
Type error: Argument of type '"all" | "7d" | "30d" | "90d" | "1y"' is not assignable to parameter of type 
'SetStateAction<"7d" | "30d" | "90d" | "1y">'.
  Type '"all"' is not assignable to type 'SetStateAction<"7d" | "30d" | "90d" | "1y">'.

[0m [90m 257 |[39m             [33m<[39m[33mselect[39m
 [90m 258 |[39m               value[33m=[39m{timeRange}
[31m[1m>[22m[39m[90m 259 |[39m               onChange[33m=[39m{(e) [33m=>[39m 
setTimeRange(e[33m.[39mtarget[33m.[39mvalue [36mas[39m [32m'7d'[39m [33m|[39m [32m'30d'[39m [33m|[39m 
[32m'90d'[39m [33m|[39m [32m'1y'[39m [33m|[39m [32m'all'[39m)}
 [90m     |[39m                                             [31m[1m^[22m[39m
 [90m 260 |[39m               className[33m=[39m[32m"border border-gray-300 rounded-lg px-3 py-2 text-sm 
focus:outline-none focus:ring-2 focus:ring-blue-500"[39m
 [90m 261 |[39m             [33m>[39m
 [90m 262 |[39m               [33m<[39m[33moption[39m value[33m=[39m[32m"7d"[39m[33m>[39m[33mLast[39m 
[35m7[39m days[33m<[39m[33m/[39m[33moption[39m[33m>[39m[0m
Next.js build worker exited with code: 1 and signal: null
